INFO(v=0)	bar	some message	{"foo": true}
DPANIC	bar	strongly-typed Zap Field passed to logr	{"bar": 1, "zap field": {"Key":"foo","Type":10,"Integer":1102682522,"String":"","Interface":null}}
github.com/go-logr/zapr.(*zapLogger).Info
github.com/luxas/deklarative-api-runtime/tracing/zaplog.TestTestdata
testing.tRunner
DEBUG(v=1)	bar	hello	{"bar": 1}
ERROR	bar	I don't know what happened here	{"duration": "1m0s", "error": "unexpected error"}
github.com/luxas/deklarative-api-runtime/tracing/zaplog.TestTestdata
testing.tRunner
DEBUG(v=1)	bar	am I enabled?	{"enabled": true}
